
=================================== ERRORS ====================================
_____ ERROR collecting tests/integration/test_feature_runtime_pipeline.py _____
ImportError while importing test module 'C:\Users\safad\QuantForge\tests\integration\test_feature_runtime_pipeline.py'.
Hint: make sure your test modules/packages have valid Python names.
Traceback:
..\AppData\Local\Programs\Python\Python313\Lib\importlib\__init__.py:88: in import_module
    return _bootstrap._gcd_import(name[level:], package, level)
           ^^^^^^^^^^^^^^^^^^^^^^^^^^^^^^^^^^^^^^^^^^^^^^^^^^^^
tests\integration\test_feature_runtime_pipeline.py:48: in <module>
    from backend.runtime.event_bus import InMemoryEventBus
E   ImportError: cannot import name 'InMemoryEventBus' from 'backend.runtime.event_bus' (C:\Users\safad\QuantForge\backend\runtime\event_bus.py)
=========================== short test summary info ===========================
ERROR tests/integration/test_feature_runtime_pipeline.py
!!!!!!!!!!!!!!!!!!! Interrupted: 1 error during collection !!!!!!!!!!!!!!!!!!!!
1 error in 0.23s
